###############################################################################
#
# IAR ELF Linker V7.10.1.6676/W32 for ARM                 16/Nov/2014  17:08:09
# Copyright 2007-2014 IAR Systems AB.
#
#    Output file  =  
#        D:\KanPan\DSN\SHEDULE1_2 for Cpp\Project\Debug\Exe\schedule.out
#    Map file     =  
#        D:\KanPan\DSN\SHEDULE1_2 for Cpp\Project\Debug\List\schedule.map
#    Command line =  
#        "D:\KanPan\DSN\SHEDULE1_2 for Cpp\Project\Debug\Obj\adc_treatment.o"
#        "D:\KanPan\DSN\SHEDULE1_2 for Cpp\Project\Debug\Obj\core_cm3.o"
#        "D:\KanPan\DSN\SHEDULE1_2 for Cpp\Project\Debug\Obj\data_initial.o"
#        "D:\KanPan\DSN\SHEDULE1_2 for Cpp\Project\Debug\Obj\main.o"
#        "D:\KanPan\DSN\SHEDULE1_2 for Cpp\Project\Debug\Obj\misc.o"
#        "D:\KanPan\DSN\SHEDULE1_2 for Cpp\Project\Debug\Obj\motor_test.o"
#        "D:\KanPan\DSN\SHEDULE1_2 for
#        Cpp\Project\Debug\Obj\peripherals_init.o" "D:\KanPan\DSN\SHEDULE1_2
#        for Cpp\Project\Debug\Obj\schedule.o" "D:\KanPan\DSN\SHEDULE1_2 for
#        Cpp\Project\Debug\Obj\startup_stm32f10x_md.o"
#        "D:\KanPan\DSN\SHEDULE1_2 for Cpp\Project\Debug\Obj\stm32f10x_adc.o"
#        "D:\KanPan\DSN\SHEDULE1_2 for Cpp\Project\Debug\Obj\stm32f10x_bkp.o"
#        "D:\KanPan\DSN\SHEDULE1_2 for Cpp\Project\Debug\Obj\stm32f10x_can.o"
#        "D:\KanPan\DSN\SHEDULE1_2 for Cpp\Project\Debug\Obj\stm32f10x_cec.o"
#        "D:\KanPan\DSN\SHEDULE1_2 for Cpp\Project\Debug\Obj\stm32f10x_crc.o"
#        "D:\KanPan\DSN\SHEDULE1_2 for Cpp\Project\Debug\Obj\stm32f10x_dac.o"
#        "D:\KanPan\DSN\SHEDULE1_2 for
#        Cpp\Project\Debug\Obj\stm32f10x_dbgmcu.o" "D:\KanPan\DSN\SHEDULE1_2
#        for Cpp\Project\Debug\Obj\stm32f10x_dma.o" "D:\KanPan\DSN\SHEDULE1_2
#        for Cpp\Project\Debug\Obj\stm32f10x_exti.o" "D:\KanPan\DSN\SHEDULE1_2
#        for Cpp\Project\Debug\Obj\stm32f10x_flash.o" "D:\KanPan\DSN\SHEDULE1_2
#        for Cpp\Project\Debug\Obj\stm32f10x_fsmc.o" "D:\KanPan\DSN\SHEDULE1_2
#        for Cpp\Project\Debug\Obj\stm32f10x_gpio.o" "D:\KanPan\DSN\SHEDULE1_2
#        for Cpp\Project\Debug\Obj\stm32f10x_i2c.o" "D:\KanPan\DSN\SHEDULE1_2
#        for Cpp\Project\Debug\Obj\stm32f10x_it.o" "D:\KanPan\DSN\SHEDULE1_2
#        for Cpp\Project\Debug\Obj\stm32f10x_iwdg.o" "D:\KanPan\DSN\SHEDULE1_2
#        for Cpp\Project\Debug\Obj\stm32f10x_pwr.o" "D:\KanPan\DSN\SHEDULE1_2
#        for Cpp\Project\Debug\Obj\stm32f10x_rcc.o" "D:\KanPan\DSN\SHEDULE1_2
#        for Cpp\Project\Debug\Obj\stm32f10x_rtc.o" "D:\KanPan\DSN\SHEDULE1_2
#        for Cpp\Project\Debug\Obj\stm32f10x_sdio.o" "D:\KanPan\DSN\SHEDULE1_2
#        for Cpp\Project\Debug\Obj\stm32f10x_spi.o" "D:\KanPan\DSN\SHEDULE1_2
#        for Cpp\Project\Debug\Obj\stm32f10x_tim.o" "D:\KanPan\DSN\SHEDULE1_2
#        for Cpp\Project\Debug\Obj\stm32f10x_usart.o" "D:\KanPan\DSN\SHEDULE1_2
#        for Cpp\Project\Debug\Obj\stm32f10x_wwdg.o" "D:\KanPan\DSN\SHEDULE1_2
#        for Cpp\Project\Debug\Obj\system_ctrl.o" "D:\KanPan\DSN\SHEDULE1_2 for
#        Cpp\Project\Debug\Obj\system_stm32f10x.o" "D:\KanPan\DSN\SHEDULE1_2
#        for Cpp\Project\Debug\Obj\uart_treatment.o" "D:\KanPan\DSN\SHEDULE1_2
#        for Cpp\Project\Debug\Obj\wdt_clear.o" --redirect _Printf=_PrintfFull
#        --redirect _Scanf=_ScanfFull -o "D:\KanPan\DSN\SHEDULE1_2 for
#        Cpp\Project\Debug\Exe\schedule.out" --map "D:\KanPan\DSN\SHEDULE1_2
#        for Cpp\Project\Debug\List\schedule.map" --config
#        "D:\KanPan\DSN\SHEDULE1_2 for
#        Cpp\Project\..\Libraries\CMSIS\stm32f10x_flash.icf" --semihosting
#        --entry __iar_program_start --vfe
#
###############################################################################

*******************************************************************************
*** RUNTIME MODEL ATTRIBUTES
***

CppFlavor       = *
__CPP_Language  = EC++
__SystemLibrary = DLib


*******************************************************************************
*** PLACEMENT SUMMARY
***

"A1":  place at 0x08000000 { ro section .intvec };
"P1":  place in [from 0x08000000 to 0x0807ffff] { ro };
"P2":  place in [from 0x20000000 to 0x2000ffff] { rw, block CSTACK, block HEAP };

  Section            Kind        Address    Size  Object
  -------            ----        -------    ----  ------
"A1":                                       0xec
  .intvec            ro code  0x08000000    0xec  startup_stm32f10x_md.o [1]
                            - 0x080000ec    0xec

"P1":                                     0x1920
  .text              ro code  0x080000ec   0x472  peripherals_init.o [1]
  .text              ro code  0x0800055e    0x2e  copy_init3.o [4]
  .text              ro code  0x0800058c   0x158  system_stm32f10x.o [1]
  .text              ro code  0x080006e4   0x18c  stm32f10x_rcc.o [1]
  .text              ro code  0x08000870   0x1e0  stm32f10x_gpio.o [1]
  .text              ro code  0x08000a50   0x198  stm32f10x_usart.o [1]
  .text              ro code  0x08000be8   0x1e4  stm32f10x_tim.o [1]
  .text              ro code  0x08000dcc   0x19c  stm32f10x_dma.o [1]
  .text              ro code  0x08000f68   0x1c0  stm32f10x_adc.o [1]
  .text              ro code  0x08001128    0x38  stm32f10x_iwdg.o [1]
  .text              ro code  0x08001160    0x5c  stm32f10x_wwdg.o [1]
  .text              ro code  0x080011bc    0x88  misc.o [1]
  .text              ro code  0x08001244   0x210  uart_treatment.o [1]
  .text              ro code  0x08001454   0x200  adc_treatment.o [1]
  .text              ro code  0x08001654   0x100  schedule.o [1]
  .text              ro code  0x08001754    0xc8  main.o [1]
  .text              ro code  0x0800181c     0x2  data_initial.o [1]
  .text              ro code  0x0800181e    0x22  zero_init3.o [4]
  .text              ro code  0x08001840    0x3c  wdt_clear.o [1]
  .text              ro code  0x0800187c    0x28  data_init.o [4]
  .iar.init_table    const    0x080018a4    0x24  - Linker created -
  .text              ro code  0x080018c8    0x1a  cmain.o [4]
  .text              ro code  0x080018e2     0x4  low_level_init.o [3]
  .text              ro code  0x080018e6     0x4  exit.o [3]
  .text              ro code  0x080018ec     0xa  cexit.o [4]
  .text              ro code  0x080018f8    0x14  exit.o [5]
  .text              ro code  0x0800190c    0x10  startup_stm32f10x_md.o [1]
  .text              ro code  0x0800191c     0xc  cstartup_M.o [4]
  .text              ro code  0x08001928     0x4  startup_stm32f10x_md.o [1]
  .text              ro code  0x0800192c     0x4  startup_stm32f10x_md.o [1]
  .text              ro code  0x08001930     0x4  startup_stm32f10x_md.o [1]
  .text              ro code  0x08001934     0x4  startup_stm32f10x_md.o [1]
  .text              ro code  0x08001938     0x4  startup_stm32f10x_md.o [1]
  .text              ro code  0x0800193c     0x4  startup_stm32f10x_md.o [1]
  .text              ro code  0x08001940     0x4  startup_stm32f10x_md.o [1]
  .text              ro code  0x08001944     0x4  startup_stm32f10x_md.o [1]
  .text              ro code  0x08001948     0x4  startup_stm32f10x_md.o [1]
  .text              ro code  0x0800194c     0x4  startup_stm32f10x_md.o [1]
  .text              ro code  0x08001950     0x4  startup_stm32f10x_md.o [1]
  .text              ro code  0x08001954     0x4  startup_stm32f10x_md.o [1]
  .text              ro code  0x08001958     0x4  startup_stm32f10x_md.o [1]
  .text              ro code  0x0800195c     0x4  startup_stm32f10x_md.o [1]
  .text              ro code  0x08001960     0x4  startup_stm32f10x_md.o [1]
  .text              ro code  0x08001964     0x4  startup_stm32f10x_md.o [1]
  .text              ro code  0x08001968     0x4  startup_stm32f10x_md.o [1]
  .text              ro code  0x0800196c     0x4  startup_stm32f10x_md.o [1]
  .text              ro code  0x08001970     0x4  startup_stm32f10x_md.o [1]
  .text              ro code  0x08001974     0x4  startup_stm32f10x_md.o [1]
  .text              ro code  0x08001978     0x4  startup_stm32f10x_md.o [1]
  .text              ro code  0x0800197c     0x4  startup_stm32f10x_md.o [1]
  .text              ro code  0x08001980     0x4  startup_stm32f10x_md.o [1]
  .text              ro code  0x08001984     0x4  startup_stm32f10x_md.o [1]
  .text              ro code  0x08001988     0x4  startup_stm32f10x_md.o [1]
  .text              ro code  0x0800198c     0x4  startup_stm32f10x_md.o [1]
  .text              ro code  0x08001990     0x4  startup_stm32f10x_md.o [1]
  .text              ro code  0x08001994     0x4  startup_stm32f10x_md.o [1]
  .text              ro code  0x08001998     0x4  startup_stm32f10x_md.o [1]
  .text              ro code  0x0800199c     0x4  startup_stm32f10x_md.o [1]
  .text              ro code  0x080019a0     0x4  startup_stm32f10x_md.o [1]
  .text              ro code  0x080019a4     0x4  startup_stm32f10x_md.o [1]
  .text              ro code  0x080019a8     0x4  startup_stm32f10x_md.o [1]
  .text              ro code  0x080019ac     0x4  startup_stm32f10x_md.o [1]
  .text              ro code  0x080019b0     0x4  startup_stm32f10x_md.o [1]
  .text              ro code  0x080019b4     0x4  startup_stm32f10x_md.o [1]
  .text              ro code  0x080019b8     0x4  startup_stm32f10x_md.o [1]
  .text              ro code  0x080019bc     0x4  startup_stm32f10x_md.o [1]
  .text              ro code  0x080019c0     0x4  startup_stm32f10x_md.o [1]
  .text              ro code  0x080019c4     0x4  startup_stm32f10x_md.o [1]
  .text              ro code  0x080019c8     0x4  startup_stm32f10x_md.o [1]
  .text              ro code  0x080019cc     0x4  startup_stm32f10x_md.o [1]
  .text              ro code  0x080019d0     0x4  startup_stm32f10x_md.o [1]
  .text              ro code  0x080019d4     0x4  startup_stm32f10x_md.o [1]
  .text              ro code  0x080019d8     0x4  startup_stm32f10x_md.o [1]
  .text              ro code  0x080019dc     0x4  startup_stm32f10x_md.o [1]
  .text              ro code  0x080019e0     0x4  startup_stm32f10x_md.o [1]
  .text              ro code  0x080019e4     0x4  startup_stm32f10x_md.o [1]
  .text              ro code  0x080019e8     0x4  startup_stm32f10x_md.o [1]
  .text              ro code  0x080019ec     0x4  startup_stm32f10x_md.o [1]
  .text              ro code  0x080019f0     0x4  startup_stm32f10x_md.o [1]
  .text              ro code  0x080019f4     0x4  startup_stm32f10x_md.o [1]
  .rodata            const    0x080019f8     0x0  zero_init3.o [4]
  .rodata            const    0x080019f8     0x0  copy_init3.o [4]
  Initializer bytes  ro data  0x080019f8    0x14  <for P2 s0>
                            - 0x08001a0c  0x1920

"P2", part 1 of 3:                          0x14
  P2 s0                       0x20000000    0x14  <Init block>
    .data            inited   0x20000000    0x10  stm32f10x_rcc.o [1]
    .data            inited   0x20000010     0x4  stm32f10x_rcc.o [1]
                            - 0x20000014    0x14

"P2", part 2 of 3:                          0xdc
  .bss               zero     0x20000014    0x20  adc_treatment.o [1]
  .bss               zero     0x20000034    0x14  uart_treatment.o [1]
  .bss               zero     0x20000048    0x14  uart_treatment.o [1]
  .bss               zero     0x2000005c    0x10  main.o [1]
  .bss               zero     0x2000006c    0x10  main.o [1]
  .bss               zero     0x2000007c    0x10  main.o [1]
  .bss               zero     0x2000008c    0x10  main.o [1]
  .bss               zero     0x2000009c    0x10  main.o [1]
  .bss               zero     0x200000ac    0x10  main.o [1]
  .bss               zero     0x200000bc     0x4  adc_treatment.o [1]
  .bss               zero     0x200000c0     0x4  adc_treatment.o [1]
  .bss               zero     0x200000c4     0x4  adc_treatment.o [1]
  .bss               zero     0x200000c8     0x4  schedule.o [1]
  .bss               zero     0x200000cc     0x4  schedule.o [1]
  .bss               zero     0x200000d0     0x4  uart_treatment.o [1]
  .bss               zero     0x200000d4     0x4  uart_treatment.o [1]
  .bss               zero     0x200000d8     0x2  adc_treatment.o [1]
  .bss               zero     0x200000da     0x2  adc_treatment.o [1]
  .bss               zero     0x200000dc     0x1  adc_treatment.o [1]
  .bss               zero     0x200000dd     0x1  adc_treatment.o [1]
  .bss               zero     0x200000de     0x1  adc_treatment.o [1]
  .bss               zero     0x200000df     0x1  adc_treatment.o [1]
  .bss               zero     0x200000e0     0x1  adc_treatment.o [1]
  .bss               zero     0x200000e1     0x1  adc_treatment.o [1]
  .bss               zero     0x200000e2     0x1  main.o [1]
  .bss               zero     0x200000e3     0x1  schedule.o [1]
  .bss               zero     0x200000e4     0x1  schedule.o [1]
  .bss               zero     0x200000e5     0x1  uart_treatment.o [1]
  .bss               zero     0x200000e6     0x1  uart_treatment.o [1]
  .bss               zero     0x200000e7     0x1  uart_treatment.o [1]
  .bss               zero     0x200000e8     0x1  uart_treatment.o [1]
  .bss               zero     0x200000e9     0x1  uart_treatment.o [1]
  .bss               zero     0x200000ea     0x1  uart_treatment.o [1]
  .bss               zero     0x200000eb     0x1  uart_treatment.o [1]
  .bss               zero     0x200000ec     0x1  wdt_clear.o [1]
                            - 0x200000ed    0xd9

"P2", part 3 of 3:                         0x400
  CSTACK                      0x200000f0   0x400  <Block>
    CSTACK           uninit   0x200000f0   0x400  <Block tail>
                            - 0x200004f0   0x400


*******************************************************************************
*** INIT TABLE
***

          Address     Size
          -------     ----
Zero (__iar_zero_init3)
    1 destination range, total size 0xd9:
          0x20000014  0xd9

Copy (__iar_copy_init3)
    1 source range, total size 0x14:
          0x080019f8  0x14
    1 destination range, total size 0x14:
          0x20000000  0x14



*******************************************************************************
*** MODULE SUMMARY
***

    Module                  ro code  ro data  rw data
    ------                  -------  -------  -------
D:\KanPan\DSN\SHEDULE1_2 for Cpp\Project\Debug\Obj: [1]
    adc_treatment.o             512                54
    data_initial.o                2
    main.o                      200                97
    misc.o                      136
    peripherals_init.o        1 138
    schedule.o                  256                10
    startup_stm32f10x_md.o      460
    stm32f10x_adc.o             448
    stm32f10x_dma.o             412
    stm32f10x_gpio.o            480
    stm32f10x_iwdg.o             56
    stm32f10x_rcc.o             396       20       20
    stm32f10x_tim.o             484
    stm32f10x_usart.o           408
    stm32f10x_wwdg.o             92
    system_stm32f10x.o          344
    uart_treatment.o            528                55
    wdt_clear.o                  60                 1
    -------------------------------------------------
    Total:                    6 412       20      237

command line: [2]
    -------------------------------------------------
    Total:

dl7M_tln.a: [3]
    exit.o                        4
    low_level_init.o              4
    -------------------------------------------------
    Total:                        8

rt7M_tl.a: [4]
    cexit.o                      10
    cmain.o                      26
    copy_init3.o                 46
    cstartup_M.o                 12
    data_init.o                  40
    zero_init3.o                 34
    -------------------------------------------------
    Total:                      168

shb_l.a: [5]
    exit.o                       20
    -------------------------------------------------
    Total:                       20

    Gaps                          4
    Linker created                        36    1 024
-----------------------------------------------------
    Grand Total:              6 612       56    1 261


*******************************************************************************
*** ENTRY LIST
***

Entry                      Address   Size  Type      Object
-----                      -------   ----  ----      ------
?main                   0x080018c9         Code  Gb  cmain.o [4]
ADCPrescTable           0x20000010    0x4  Data  Lc  stm32f10x_rcc.o [1]
ADC_Cmd                 0x08000fb9   0x1a  Code  Gb  stm32f10x_adc.o [1]
ADC_Config()            0x0800032b   0xd4  Code  Lc  peripherals_init.o [1]
ADC_ConvertedValueBuffer
                        0x20000014   0x20  Data  Gb  adc_treatment.o [1]
ADC_DMACmd              0x08000fd3   0x1a  Code  Gb  stm32f10x_adc.o [1]
ADC_GetCalibrationStatus
                        0x08001019   0x18  Code  Gb  stm32f10x_adc.o [1]
ADC_GetResetCalibrationStatus
                        0x08000ff7   0x18  Code  Gb  stm32f10x_adc.o [1]
ADC_Init                0x08000f69   0x50  Code  Gb  stm32f10x_adc.o [1]
ADC_RegularChannelConfig
                        0x08001031   0xee  Code  Gb  stm32f10x_adc.o [1]
ADC_ResetCalibration    0x08000fed    0xa  Code  Gb  stm32f10x_adc.o [1]
ADC_StartCalibration    0x0800100f    0xa  Code  Gb  stm32f10x_adc.o [1]
APBAHBPrescTable        0x20000000   0x10  Data  Lc  stm32f10x_rcc.o [1]
AdcResultSendTcb        0x200000ac   0x10  Data  Gb  main.o [1]
AdcTreatmentTcb         0x2000009c   0x10  Data  Gb  main.o [1]
CSTACK$$Base            0x200000f0          --   Gb  - Linker created -
CSTACK$$Limit           0x200004f0          --   Gb  - Linker created -
DMA_Cmd                 0x08000f15   0x1c  Code  Gb  stm32f10x_dma.o [1]
DMA_DeInit              0x08000dcd  0x10a  Code  Gb  stm32f10x_dma.o [1]
DMA_Init                0x08000ed7   0x3e  Code  Gb  stm32f10x_dma.o [1]
GPIO_Config()           0x080003ff   0x78  Code  Lc  peripherals_init.o [1]
GPIO_Init               0x08000871  0x136  Code  Gb  stm32f10x_gpio.o [1]
GPIO_PinRemapConfig     0x080009bf   0x88  Code  Gb  stm32f10x_gpio.o [1]
GPIO_Write              0x080009b9    0x6  Code  Gb  stm32f10x_gpio.o [1]
GPIO_WriteBit           0x080009a7   0x12  Code  Gb  stm32f10x_gpio.o [1]
IWDG_Config()           0x080004b9   0x22  Code  Lc  peripherals_init.o [1]
IWDG_Enable             0x0800114b    0xa  Code  Gb  stm32f10x_iwdg.o [1]
IWDG_ReloadCounter      0x08001141    0xa  Code  Gb  stm32f10x_iwdg.o [1]
IWDG_SetPrescaler       0x08001131    0x8  Code  Gb  stm32f10x_iwdg.o [1]
IWDG_SetReload          0x08001139    0x8  Code  Gb  stm32f10x_iwdg.o [1]
IWDG_WriteAccessCmd     0x08001129    0x8  Code  Gb  stm32f10x_iwdg.o [1]
LedTestTcb              0x2000008c   0x10  Data  Gb  main.o [1]
NVIC_Config()           0x080004f9   0x66  Code  Lc  peripherals_init.o [1]
NVIC_Init               0x080011c7   0x68  Code  Gb  misc.o [1]
NVIC_PriorityGroupConfig
                        0x080011bd    0xa  Code  Gb  misc.o [1]
NVIC_SetPriority(IRQn, unsigned int)
                        0x080000ed   0x26  Code  Lc  peripherals_init.o [1]
Peripherals_Config()    0x08000143   0x2c  Code  Gb  peripherals_init.o [1]
RCC_AHBPeriphClockCmd   0x080007f3   0x1e  Code  Gb  stm32f10x_rcc.o [1]
RCC_APB1PeriphClockCmd  0x0800082f   0x1e  Code  Gb  stm32f10x_rcc.o [1]
RCC_APB2PeriphClockCmd  0x08000811   0x1e  Code  Gb  stm32f10x_rcc.o [1]
RCC_Config()            0x0800016f   0x36  Code  Lc  peripherals_init.o [1]
RCC_GetClocksFreq       0x08000717   0xdc  Code  Gb  stm32f10x_rcc.o [1]
RCC_LSICmd              0x0800070f    0x8  Code  Gb  stm32f10x_rcc.o [1]
RCC_PCLK1Config         0x080006e5   0x14  Code  Gb  stm32f10x_rcc.o [1]
RCC_PCLK2Config         0x080006f9   0x16  Code  Gb  stm32f10x_rcc.o [1]
Region$$Table$$Base     0x080018a4          --   Gb  - Linker created -
Region$$Table$$Limit    0x080018c8          --   Gb  - Linker created -
SCHTaskCreate(SchTcb *, void (*)(), unsigned short)
                        0x08001699   0x6a  Code  Gb  schedule.o [1]
SCHTaskStart()          0x08001703   0x40  Code  Gb  schedule.o [1]
SCHTimeTick()           0x08001655   0x44  Code  Gb  schedule.o [1]
SetSysClock()           0x080005e1    0x8  Code  Lc  system_stm32f10x.o [1]
SetSysClockTo72()       0x080005e9   0xe0  Code  Lc  system_stm32f10x.o [1]
SysTick_Config(unsigned int)
                        0x08000113   0x30  Code  Lc  peripherals_init.o [1]
SystemInit              0x0800058d   0x54  Code  Gb  system_stm32f10x.o [1]
TIM1_Config()           0x0800024b   0xe0  Code  Lc  peripherals_init.o [1]
TIM_ARRPreloadConfig    0x08000d75   0x1c  Code  Gb  stm32f10x_tim.o [1]
TIM_BDTRConfig          0x08000d17   0x20  Code  Gb  stm32f10x_tim.o [1]
TIM_Cmd                 0x08000d37   0x1c  Code  Gb  stm32f10x_tim.o [1]
TIM_CtrlPWMOutputs      0x08000d53   0x22  Code  Gb  stm32f10x_tim.o [1]
TIM_OC1Init             0x08000c7d   0x9a  Code  Gb  stm32f10x_tim.o [1]
TIM_OC1PreloadConfig    0x08000d91   0x12  Code  Gb  stm32f10x_tim.o [1]
TIM_TimeBaseInit        0x08000be9   0x94  Code  Gb  stm32f10x_tim.o [1]
TaskNumberSum           0x200000e3    0x1  Data  Lc  schedule.o [1]
USART1_Config()         0x080001a5   0xa6  Code  Lc  peripherals_init.o [1]
USART_ClearITPendingBit
                        0x08000bc5   0x24  Code  Gb  stm32f10x_usart.o [1]
USART_Cmd               0x08000b35   0x1c  Code  Gb  stm32f10x_usart.o [1]
USART_GetFlagStatus     0x08000ba7   0x1e  Code  Gb  stm32f10x_usart.o [1]
USART_ITConfig          0x08000b51   0x56  Code  Gb  stm32f10x_usart.o [1]
USART_Init              0x08000a51   0xde  Code  Gb  stm32f10x_usart.o [1]
UartRxTcb               0x2000006c   0x10  Data  Gb  main.o [1]
UartTxTcb               0x2000005c   0x10  Data  Gb  main.o [1]
WWDG_Config()           0x080004db   0x1e  Code  Lc  peripherals_init.o [1]
WWDG_Enable             0x080011a7    0xc  Code  Gb  stm32f10x_wwdg.o [1]
WWDG_SetCounter         0x0800119b    0xc  Code  Gb  stm32f10x_wwdg.o [1]
WWDG_SetPrescaler       0x08001161   0x14  Code  Gb  stm32f10x_wwdg.o [1]
WWDG_SetWindowValue     0x08001175   0x26  Code  Gb  stm32f10x_wwdg.o [1]
WdtClearTcb             0x2000007c   0x10  Data  Gb  main.o [1]
__cmain                 0x080018c9         Code  Gb  cmain.o [4]
__exit                  0x080018f9   0x14  Code  Gb  exit.o [5]
__iar_copy_init3        0x0800055f   0x2e  Code  Gb  copy_init3.o [4]
__iar_data_init3        0x0800187d   0x28  Code  Gb  data_init.o [4]
__iar_program_start     0x0800191d         Code  Gb  cstartup_M.o [4]
__iar_zero_init3        0x0800181f   0x22  Code  Gb  zero_init3.o [4]
__low_level_init        0x080018e3    0x4  Code  Gb  low_level_init.o [3]
__vector_table          0x08000000         Data  Gb  startup_stm32f10x_md.o [1]
_call_main              0x080018d5         Code  Gb  cmain.o [4]
_exit                   0x080018ed         Code  Gb  cexit.o [4]
_main                   0x080018df         Code  Gb  cmain.o [4]
exit                    0x080018e7    0x4  Code  Gb  exit.o [3]
g_u16DcCurAdcResult     0x200000da    0x2  Data  Gb  adc_treatment.o [1]
g_u16DcVAdcResult       0x200000d8    0x2  Data  Gb  adc_treatment.o [1]
main                    0x08001797   0x18  Code  Gb  main.o [1]
pCurTCB                 0x200000cc    0x4  Data  Gb  schedule.o [1]
pFirstTCB               0x200000c8    0x4  Data  Gb  schedule.o [1]
u8SchdTicksCnt          0x200000e4    0x1  Data  Gb  schedule.o [1]
vAdcResultSend()        0x08001485  0x100  Code  Gb  adc_treatment.o [1]
vAdcTreatment()         0x08001585   0x90  Code  Gb  adc_treatment.o [1]
vCurrentProtection()    0x0800146d   0x18  Code  Gb  adc_treatment.o [1]
vDataInit()             0x0800181d    0x2  Code  Gb  data_initial.o [1]
vLedTest()              0x080017b1   0x32  Code  Gb  main.o [1]
vUartReceiveData()      0x08001327   0xec  Code  Gb  uart_treatment.o [1]
vUartSendData()         0x08001245   0xe2  Code  Gb  uart_treatment.o [1]
vUserTaskCreate()       0x08001755   0x42  Code  Gb  main.o [1]
vVoltageProtection()    0x08001455   0x18  Code  Gb  adc_treatment.o [1]
vWdtClear()             0x08001841   0x3c  Code  Gb  wdt_clear.o [1]


[1] = D:\KanPan\DSN\SHEDULE1_2 for Cpp\Project\Debug\Obj
[2] = command line
[3] = dl7M_tln.a
[4] = rt7M_tl.a
[5] = shb_l.a

  6 612 bytes of readonly  code memory
     56 bytes of readonly  data memory
  1 261 bytes of readwrite data memory

Errors: none
Warnings: none
